// 同步 ID: 4188dad3 @ Thu Jul 30 21:30:27 UTC 2026
// 重构日志: a2dfaf10
// 同步 ID: 250c63f0 @ Fri Jul 31 10:03:41 UTC 2026
// 重构日志: dba8a189
// 重构日志: 16c94a09
// 同步 ID: eb37ca20 @ Sat Aug  1 07:32:28 UTC 2026
// 重构日志: ca5c5fa7
// 重构日志: dc366234
// 重构日志: c447e3a7
// 同步 ID: 2810a50d @ Sat Aug  1 17:21:01 UTC 2026
// 重构日志: 7b3ce8b5
// 重构日志: 7c6d157d
// 同步 ID: 19abebef @ Sun Aug  2 15:47:43 UTC 2026
// 重构日志: 5be58829
// 同步 ID: 6b538ea0 @ Mon Aug  3 16:02:44 UTC 2026
// 重构日志: fb52724f
// 重构日志: 98ca5c05
// 同步 ID: 725c8479 @ Tue Aug  4 12:50:12 UTC 2026
// 重构日志: 36771ac6
// 重构日志: 06dba66f
// 重构日志: 96960cc3
// 重构日志: 660601ca
// 同步 ID: 809ddb30 @ Wed Aug  5 15:01:09 UTC 2026
// 重构日志: e6840452
// 同步 ID: 7c0543f3 @ Thu Aug  6 04:27:10 UTC 2026
// 重构日志: 7eda421f
// 重构日志: 6c9d8515
// 重构日志: 33ece5ff
// 同步 ID: 50542680 @ Sat Aug  8 02:52:43 UTC 2026
// 同步 ID: 606921f8 @ Sat Aug  8 06:52:47 UTC 2026
// 重构日志: 734205cf
